
> Configure project :fabric
Fabric Loom: 1.17.13

> Task :fabric:processResources UP-TO-DATE
> Task :fabric:deleteGameTestRunDir
> Task :common:compileJava UP-TO-DATE
> Task :common:processResources NO-SOURCE
> Task :common:classes UP-TO-DATE
> Task :fabric:acceptGameTestEula
> Task :common:jar UP-TO-DATE
> Task :fabric:compileJava UP-TO-DATE
> Task :fabric:classes UP-TO-DATE
> Task :fabric:generateLog4jConfig UP-TO-DATE
> Task :fabric:generateDLIConfig UP-TO-DATE
> Task :fabric:configureLaunch

> Task :fabric:runBenchmarkServer
[0.251s][info][jfr,startup] Started recording 1. No limit specified, using maxsize=250MB as default.
[0.251s][info][jfr,startup] 
[0.251s][info][jfr,startup] Use jcmd 1113185 JFR.dump name=1 to copy recording data to file.
[34m[13:52:36][m [32m[main/INFO][m [36m(FabricLoader/GameProvider)[m [0mLoading Minecraft 26.2 with Fabric Loader 0.19.3
[m[34m[13:52:36][m [32m[main/INFO][m [36m(FabricLoader/Mappings)[m [0mMappings not present!
[m[34m[13:52:36][m [32m[main/INFO][m [36m(FabricLoader)[m [0mLoading 43 mods:
	- fabric-api 0.154.0+26.2
	   |-- fabric-key-mapping-api-v1 2.0.5+e2bdee789e
	   |-- fabric-model-loading-api-v1 8.0.14+c80601bb9e
	   |-- fabric-renderer-api-v1 14.1.1+2b0d8a229e
	   |-- fabric-renderer-indigo 9.1.1+2b0d8a229e
	   |-- fabric-rendering-v1 25.3.0+67c847259e
	   |-- fabric-screen-api-v1 5.1.0+48e3c0b09e
	   \-- fabric-sound-api-v1 2.0.5+11a26f319e
	- fabric-api-base 2.0.4+ece063239e
	- fabric-api-lookup-api-v1 2.0.17+11e1c9a39e
	- fabric-biome-api-v1 18.0.6+c7bd5b8e9e
	- fabric-block-api-v1 3.0.3+ec56b6019e
	- fabric-block-getter-api-v2 2.0.7+ec56b6019e
	- fabric-command-api-v2 3.1.0+00cb03469e
	- fabric-content-registries-v0 11.2.2+b7a678a99e
	- fabric-convention-tags-v2 4.7.0+1f023a9e9e
	- fabric-crash-report-info-v1 1.0.5+086d547a9e
	- fabric-creative-tab-api-v1 5.0.14+d871b99e9e
	- fabric-data-attachment-api-v1 2.2.17+aa0fd6fe9e
	- fabric-data-generation-api-v1 25.4.4+9e7dc27f9e
	- fabric-debug-api-v1 1.0.2+c792624d9e
	- fabric-dimensions-v1 5.1.9+9cbf5da59e
	- fabric-entity-events-v1 5.0.5+06488ac19e
	- fabric-events-interaction-v0 5.2.6+8f57f7ee9e
	- fabric-game-rule-api-v1 4.0.8+46a6d00c9e
	- fabric-gametest-api-v1 4.0.21+4a7fa0819e
	- fabric-item-api-v1 14.2.0+7aec7be39e
	- fabric-lifecycle-events-v1 4.1.3+4575b05f9e
	- fabric-loot-api-v3 3.0.17+06488ac19e
	- fabric-menu-api-v1 2.0.16+086d547a9e
	- fabric-message-api-v1 7.0.7+086d547a9e
	- fabric-networking-api-v1 6.3.3+72073ef09e
	- fabric-object-builder-api-v1 24.1.0+6fcd5f039e
	- fabric-particles-v1 5.0.18+d1756aa99e
	- fabric-permission-api-v1 1.0.2+7c33558a9e
	- fabric-recipe-api-v1 9.0.20+11e1c9a39e
	- fabric-registry-sync-v0 7.1.0+c7bd5b8e9e
	- fabric-rendering-fluids-v1 6.0.4+06488ac19e
	- fabric-resource-conditions-api-v1 6.1.0+10e9a28b9e
	- fabric-resource-loader-v0 3.3.20+4fc5413f9e
	- fabric-resource-loader-v1 2.0.13+9edec1269e
	- fabric-serialization-api-v1 2.0.4+11a26f319e
	- fabric-tag-api-v1 2.1.3+794df31d9e
	- fabric-transfer-api-v1 8.0.11+39b5a3929e
	- fabric-transitive-access-wideners-v1 8.1.4+67c847259e
	- fabricloader 0.19.3
	- java 25
	- lss 0.8.0
	- minecraft 26.2
	- mixinextras 0.5.4
[m[34m[13:52:36][m [32m[main/INFO][m [36m(FabricLoader/Mixin)[m [0mSpongePowered MIXIN Subsystem Version=0.8.7 Source=file:/home/vox/.gradle/caches/modules-2/files-2.1/net.fabricmc/sponge-mixin/0.17.3+mixin.0.8.7/41c4a3984a80f4679e759fb9f495587acc5cdac7/sponge-mixin-0.17.3+mixin.0.8.7.jar Service=Knot/Fabric Env=SERVER
[m[34m[13:52:36][m [32m[main/INFO][m [36m(FabricLoader/Mixin)[m [0mCompatibility level set to JAVA_25
[m[34m[13:52:36][m [32m[main/INFO][m [36m(FabricLoader/MixinExtras|Service)[m [0mInitializing MixinExtras via com.llamalad7.mixinextras.service.MixinExtrasServiceImpl(version=0.5.4).
[m[34m[13:52:41][m [32m[main/INFO][m [36m(LSS)[m [0m[Benchmark] Server hook active, duration=150s
[m[34m[13:52:41][m [32m[main/INFO][m [36m(Minecraft)[m [0mEnvironment: Environment[sessionHost=https://sessionserver.mojang.com, servicesHost=https://api.minecraftservices.com, profilesHost=https://api.mojang.com, name=PROD]
[m[34m[13:52:42][m [32m[main/INFO][m [36m(Minecraft)[m [0mLoaded 1585 recipes
[m[34m[13:52:42][m [32m[main/INFO][m [36m(Minecraft)[m [0mLoaded 1688 advancements
[m[34m[13:52:42][m [32m[main/INFO][m [36m(BiomeModificationImpl)[m [0mApplied 0 biome modifications to 0 of 66 new biomes in 988.9 μs
[m[34m[13:52:42][m [32m[Server thread/INFO][m [36m(Minecraft)[m [0mStarting minecraft server version 26.2
[m[34m[13:52:42][m [32m[Server thread/INFO][m [36m(Minecraft)[m [0mLoading properties
[m[34m[13:52:42][m [32m[Server thread/INFO][m [36m(Minecraft)[m [0mDefault game type: SURVIVAL
[m[34m[13:52:42][m [32m[Server thread/INFO][m [36m(Minecraft)[m [0mGenerating keypair
[m[34m[13:52:42][m [32m[Server thread/INFO][m [36m(Minecraft)[m [0mStarting Minecraft server on *:25565
[m[34m[13:52:42][m [33m[Server thread/WARN][m [36m(Minecraft)[m [0m**** SERVER IS RUNNING IN OFFLINE/INSECURE MODE!
[m[34m[13:52:42][m [33m[Server thread/WARN][m [36m(Minecraft)[m [0mThe server will make no attempt to authenticate usernames. Beware.
[m[34m[13:52:42][m [33m[Server thread/WARN][m [36m(Minecraft)[m [0mWhile this makes the game possible to play without internet access, it also opens up the ability for hackers to connect with any username they choose.
[m[34m[13:52:42][m [33m[Server thread/WARN][m [36m(Minecraft)[m [0mTo change this, set "online-mode" to "true" in the server.properties file.
[m[34m[13:52:42][m [32m[Server thread/INFO][m [36m(Minecraft)[m [0mPreparing level "world"
[m[34m[13:52:43][m [32m[Server thread/INFO][m [36m(Minecraft)[m [0mLoading 0 persistent chunks...
[m[34m[13:52:43][m [32m[Server thread/INFO][m [36m(Minecraft)[m [0mTime elapsed: 11 ms
[m[34m[13:52:43][m [32m[Server thread/INFO][m [36m(Minecraft)[m [0mDone (0.276s)! For help, type "help"
[m[34m[13:52:43][m [32m[Server thread/INFO][m [36m(Minecraft)[m [0mSaving chunks for level 'ServerLevel[world]'/minecraft:overworld
[m[34m[13:52:43][m [32m[Server thread/INFO][m [36m(Minecraft)[m [0mSaving chunks for level 'ServerLevel[world]'/minecraft:the_nether
[m[34m[13:52:43][m [32m[Server thread/INFO][m [36m(Minecraft)[m [0mSaving chunks for level 'ServerLevel[world]'/minecraft:the_end
[m[34m[13:52:43][m [32m[Server thread/INFO][m [36m(Minecraft)[m [0mThreadedAnvilChunkStorage (world): All chunks are saved
[m[34m[13:52:43][m [32m[Server thread/INFO][m [36m(Minecraft)[m [0mThreadedAnvilChunkStorage (DIM-1): All chunks are saved
[m[34m[13:52:43][m [32m[Server thread/INFO][m [36m(Minecraft)[m [0mThreadedAnvilChunkStorage (DIM1): All chunks are saved
[m[34m[13:52:43][m [32m[Server thread/INFO][m [36m(Minecraft)[m [0mThreadedAnvilChunkStorage: All dimensions are saved
[m[34m[13:52:43][m [32m[Server thread/INFO][m [36m(LSS)[m [0mStarting LSS LOD request processing service
[m[34m[13:52:43][m [32m[Server thread/INFO][m [36m(LSS)[m [0mLoaded 45225 timestamp cache entries from world/data/lss-timestamps.bin
[m[34m[13:52:43][m [32m[Server thread/INFO][m [36m(LSS)[m [0m[Benchmark] Server started, counting 3000 ticks
[m[34m[13:52:51][m [33m[Server thread/WARN][m [36m(Minecraft)[m [0mSkipping Entity with id minecraft:spider
[m[34m[13:52:51][m [33m[Server thread/WARN][m [36m(Minecraft)[m [0mSkipping Entity with id minecraft:spider
[m[34m[13:52:51][m [33m[Server thread/WARN][m [36m(Minecraft)[m [0mSkipping Entity with id minecraft:creeper
[m[34m[13:52:51][m [33m[Server thread/WARN][m [36m(Minecraft)[m [0mSkipping Entity with id minecraft:creeper
[m[34m[13:52:51][m [33m[Server thread/WARN][m [36m(Minecraft)[m [0mSkipping Entity with id minecraft:zombie
[m[34m[13:52:51][m [33m[Server thread/WARN][m [36m(Minecraft)[m [0mSkipping Entity with id minecraft:zombie
[m[34m[13:52:51][m [33m[Server thread/WARN][m [36m(Minecraft)[m [0mSkipping Entity with id minecraft:zombie
[m[34m[13:52:51][m [33m[Server thread/WARN][m [36m(Minecraft)[m [0mSkipping Entity with id minecraft:zombie
[m[34m[13:52:51][m [33m[Server thread/WARN][m [36m(Minecraft)[m [0mSkipping Entity with id minecraft:zombie
[m[34m[13:52:51][m [33m[Server thread/WARN][m [36m(Minecraft)[m [0mSkipping Entity with id minecraft:zombie
[m[34m[13:52:51][m [33m[Server thread/WARN][m [36m(Minecraft)[m [0mSkipping Entity with id minecraft:creeper
[m[34m[13:52:51][m [33m[Server thread/WARN][m [36m(Minecraft)[m [0mSkipping Entity with id minecraft:creeper
[m[34m[13:52:51][m [33m[Server thread/WARN][m [36m(Minecraft)[m [0mSkipping Entity with id minecraft:skeleton
[m[34m[13:52:51][m [33m[Server thread/WARN][m [36m(Minecraft)[m [0mSkipping Entity with id minecraft:skeleton
[m[34m[13:52:51][m [33m[Server thread/WARN][m [36m(Minecraft)[m [0mSkipping Entity with id minecraft:skeleton
[m[34m[13:52:51][m [33m[Server thread/WARN][m [36m(Minecraft)[m [0mSkipping Entity with id minecraft:skeleton
[m[34m[13:52:51][m [33m[Server thread/WARN][m [36m(Minecraft)[m [0mSkipping Entity with id minecraft:zombie
[m[34m[13:52:51][m [33m[Server thread/WARN][m [36m(Minecraft)[m [0mSkipping Entity with id minecraft:zombie
[m[34m[13:52:51][m [33m[Server thread/WARN][m [36m(Minecraft)[m [0mSkipping Entity with id minecraft:skeleton
[m[34m[13:52:51][m [33m[Server thread/WARN][m [36m(Minecraft)[m [0mSkipping Entity with id minecraft:zombie
[m[34m[13:52:51][m [33m[Server thread/WARN][m [36m(Minecraft)[m [0mSkipping Entity with id minecraft:zombie
[m[34m[13:52:51][m [33m[Server thread/WARN][m [36m(Minecraft)[m [0mSkipping Entity with id minecraft:skeleton
[m[34m[13:52:51][m [33m[Server thread/WARN][m [36m(Minecraft)[m [0mSkipping Entity with id minecraft:creeper
[m[34m[13:52:51][m [33m[Server thread/WARN][m [36m(Minecraft)[m [0mSkipping Entity with id minecraft:spider
[m[34m[13:52:51][m [33m[Server thread/WARN][m [36m(Minecraft)[m [0mSkipping Entity with id minecraft:zombie
[m[34m[13:52:51][m [33m[Server thread/WARN][m [36m(Minecraft)[m [0mSkipping Entity with id minecraft:spider
[m[34m[13:52:51][m [33m[Server thread/WARN][m [36m(Minecraft)[m [0mSkipping Entity with id minecraft:skeleton
[m[34m[13:52:51][m [33m[Server thread/WARN][m [36m(Minecraft)[m [0mSkipping Entity with id minecraft:zombie
[m[34m[13:52:51][m [33m[Server thread/WARN][m [36m(Minecraft)[m [0mSkipping Entity with id minecraft:zombie
[m[34m[13:52:51][m [33m[Server thread/WARN][m [36m(Minecraft)[m [0mSkipping Entity with id minecraft:creeper
[m[34m[13:52:51][m [33m[Server thread/WARN][m [36m(Minecraft)[m [0mSkipping Entity with id minecraft:skeleton
[m[34m[13:52:51][m [33m[Server thread/WARN][m [36m(Minecraft)[m [0mSkipping Entity with id minecraft:skeleton
[m[34m[13:52:51][m [33m[Server thread/WARN][m [36m(Minecraft)[m [0mSkipping Entity with id minecraft:creeper
[m[34m[13:52:52][m [32m[Server thread/INFO][m [36m(Minecraft)[m [0mPlayer517[/127.0.0.1:56902] logged in with entity id 36 at (-9.5, 87.0, 12.5)
[m[34m[13:52:52][m [32m[Server thread/INFO][m [36m(Minecraft)[m [0mPlayer517 joined the game
[m[34m[13:52:52][m [33m[Server thread/WARN][m [36m(Minecraft)[m [0mSkipping Entity with id minecraft:creeper
[m[34m[13:52:52][m [33m[Server thread/WARN][m [36m(Minecraft)[m [0mSkipping Entity with id minecraft:creeper
[m[34m[13:52:52][m [33m[Server thread/WARN][m [36m(Minecraft)[m [0mSkipping Entity with id minecraft:drowned
[m[34m[13:52:52][m [33m[Server thread/WARN][m [36m(Minecraft)[m [0mSkipping Entity with id minecraft:creeper
[m[34m[13:52:52][m [33m[Server thread/WARN][m [36m(Minecraft)[m [0mSkipping Entity with id minecraft:skeleton
[m[34m[13:52:52][m [33m[Server thread/WARN][m [36m(Minecraft)[m [0mSkipping Entity with id minecraft:drowned
[m[34m[13:52:52][m [33m[Server thread/WARN][m [36m(Minecraft)[m [0mSkipping Entity with id minecraft:zombie_villager
[m[34m[13:52:52][m [33m[Server thread/WARN][m [36m(Minecraft)[m [0mSkipping Entity with id minecraft:skeleton
[m[34m[13:52:52][m [33m[Server thread/WARN][m [36m(Minecraft)[m [0mSkipping Entity with id minecraft:skeleton
[m[34m[13:52:52][m [33m[Server thread/WARN][m [36m(Minecraft)[m [0mSkipping Entity with id minecraft:skeleton
[m[34m[13:52:52][m [33m[Server thread/WARN][m [36m(Minecraft)[m [0mSkipping Entity with id minecraft:zombie
[m[34m[13:52:52][m [33m[Server thread/WARN][m [36m(Minecraft)[m [0mSkipping Entity with id minecraft:creeper
[m[34m[13:52:52][m [33m[Server thread/WARN][m [36m(Minecraft)[m [0mSkipping Entity with id minecraft:drowned
[m[34m[13:52:52][m [33m[Server thread/WARN][m [36m(Minecraft)[m [0mSkipping Entity with id minecraft:creeper
[m[34m[13:52:52][m [33m[Server thread/WARN][m [36m(Minecraft)[m [0mSkipping Entity with id minecraft:skeleton
[m[34m[13:52:52][m [33m[Server thread/WARN][m [36m(Minecraft)[m [0mSkipping Entity with id minecraft:skeleton
[m[34m[13:52:52][m [33m[Server thread/WARN][m [36m(Minecraft)[m [0mSkipping Entity with id minecraft:zombie
[m[34m[13:52:52][m [33m[Server thread/WARN][m [36m(Minecraft)[m [0mSkipping Entity with id minecraft:creeper
[m[34m[13:52:52][m [33m[Server thread/WARN][m [36m(Minecraft)[m [0mSkipping Entity with id minecraft:creeper
[m[34m[13:52:52][m [33m[Server thread/WARN][m [36m(Minecraft)[m [0mSkipping Entity with id minecraft:drowned
[m[34m[13:52:52][m [33m[Server thread/WARN][m [36m(Minecraft)[m [0mSkipping Entity with id minecraft:zombie
[m[34m[13:52:52][m [33m[Server thread/WARN][m [36m(Minecraft)[m [0mSkipping Entity with id minecraft:creeper
[m[34m[13:52:52][m [33m[Server thread/WARN][m [36m(Minecraft)[m [0mSkipping Entity with id minecraft:skeleton
[m[34m[13:52:52][m [32m[Server thread/INFO][m [36m(LSS)[m [0mLSS handshake received from Player517 (protocol v19, capabilities=3)
[m[34m[13:52:52][m [32m[Server thread/INFO][m [36m(LSS)[m [0mPlayer Player517 registered for LSS LOD request processing (caps=3)
[m[34m[13:52:52][m [33m[Server thread/WARN][m [36m(Minecraft)[m [0mSkipping Entity with id minecraft:creeper
[m[34m[13:52:52][m [33m[Server thread/WARN][m [36m(Minecraft)[m [0mSkipping Entity with id minecraft:creeper
[m[34m[13:52:52][m [33m[Server thread/WARN][m [36m(Minecraft)[m [0mSkipping Entity with id minecraft:creeper
[m[34m[13:52:52][m [33m[Server thread/WARN][m [36m(Minecraft)[m [0mSkipping Entity with id minecraft:creeper
[m[34m[13:52:52][m [33m[Server thread/WARN][m [36m(Minecraft)[m [0mSkipping Entity with id minecraft:skeleton
[m[34m[13:52:52][m [33m[Server thread/WARN][m [36m(Minecraft)[m [0mSkipping Entity with id minecraft:zombie
[m[34m[13:52:52][m [33m[Server thread/WARN][m [36m(Minecraft)[m [0mSkipping Entity with id minecraft:creeper
[m[34m[13:52:52][m [33m[Server thread/WARN][m [36m(Minecraft)[m [0mSkipping Entity with id minecraft:creeper
[m[34m[13:52:52][m [33m[Server thread/WARN][m [36m(Minecraft)[m [0mSkipping Entity with id minecraft:creeper
[m[34m[13:52:52][m [33m[Server thread/WARN][m [36m(Minecraft)[m [0mSkipping Entity with id minecraft:skeleton
[m[34m[13:52:52][m [33m[Server thread/WARN][m [36m(Minecraft)[m [0mSkipping Entity with id minecraft:zombie
[m[34m[13:52:52][m [33m[Server thread/WARN][m [36m(Minecraft)[m [0mSkipping Entity with id minecraft:creeper
[m[34m[13:52:52][m [33m[Server thread/WARN][m [36m(Minecraft)[m [0mSkipping Entity with id minecraft:drowned
[m[34m[13:52:52][m [33m[Server thread/WARN][m [36m(Minecraft)[m [0mSkipping Entity with id minecraft:creeper
[m[34m[13:55:18][m [32m[Server thread/INFO][m [36m(LSS)[m [0m[Benchmark] Duration reached (150s), exporting metrics
[m[34m[13:55:18][m [32m[Server thread/INFO][m [36m(LSS)[m [0m[Benchmark] Server metrics written to benchmark-results/server.json
[m[34m[13:55:18][m [32m[Server thread/INFO][m [36m(LSS)[m [0m[Benchmark] Halting server
[m[34m[13:55:18][m [32m[Server thread/INFO][m [36m(LSS)[m [0mStopping LSS LOD request processing service
[m[34m[13:55:18][m [32m[Server thread/INFO][m [36m(Minecraft)[m [0mStopping server
[m[34m[13:55:18][m [32m[Server thread/INFO][m [36m(Minecraft)[m [0mSaving players
[m[34m[13:55:18][m [32m[Server thread/INFO][m [36m(Minecraft)[m [0mPlayer517 lost connection: Server closed
[m[34m[13:55:18][m [32m[Server thread/INFO][m [36m(Minecraft)[m [0mPlayer517 left the game
[m[34m[13:55:18][m [32m[Server thread/INFO][m [36m(Minecraft)[m [0mSaving worlds
[m[34m[13:55:18][m [32m[Server thread/INFO][m [36m(Minecraft)[m [0mSaving chunks for level 'ServerLevel[world]'/minecraft:overworld
[m[34m[13:55:19][m [32m[Server thread/INFO][m [36m(Minecraft)[m [0mSaving chunks for level 'ServerLevel[world]'/minecraft:the_nether
[m[34m[13:55:19][m [32m[Server thread/INFO][m [36m(Minecraft)[m [0mSaving chunks for level 'ServerLevel[world]'/minecraft:the_end
[m[34m[13:55:19][m [32m[Server thread/INFO][m [36m(Minecraft)[m [0mThreadedAnvilChunkStorage (world): All chunks are saved
[m[34m[13:55:19][m [32m[Server thread/INFO][m [36m(Minecraft)[m [0mThreadedAnvilChunkStorage (DIM-1): All chunks are saved
[m[34m[13:55:19][m [32m[Server thread/INFO][m [36m(Minecraft)[m [0mThreadedAnvilChunkStorage (DIM1): All chunks are saved
[m[34m[13:55:19][m [32m[Server thread/INFO][m [36m(Minecraft)[m [0mThreadedAnvilChunkStorage: All dimensions are saved
[m
BUILD SUCCESSFUL in 2m 44s
9 actionable tasks: 3 executed, 6 up-to-date
Consider enabling configuration cache to speed up this build: https://docs.gradle.org/9.5.1/userguide/configuration_cache_enabling.html
