[compress-gate] === no-cache off rep1 (useCompressedColumns=false, lodStore=off, 150s) ===
[compress-gate] === no-cache on rep1 (useCompressedColumns=true, lodStore=off, 150s) ===
[compress-gate] === no-cache off rep2 (useCompressedColumns=false, lodStore=off, 150s) ===
[compress-gate] === no-cache on rep2 (useCompressedColumns=true, lodStore=off, 150s) ===
[compress-gate] === no-cache off rep3 (useCompressedColumns=false, lodStore=off, 150s) ===
[compress-gate] === no-cache on rep3 (useCompressedColumns=true, lodStore=off, 150s) ===
[compress-gate] Runs complete: /home/vox/projects/voxel-server-support/compress-gate-results/20260801-134641 — computing gates
— rep 1:
  [P] OFF zlib ratio: raw 1286386666 / acked 186425376 = 6.90 (floor 3.0)
  [G1] server CPU-s/1k cols: off 1.9 -> on 1.4 (cut +27.2%)
  [G1t] zip-band CPU/col: off 307us -> on 80us (cut +73.8%, floor 50%)
  [G2] client CPU/col: off 5367us -> on 5612us (ratio 1.046, ceil 1.05)
  [G3] socket bytes: off 186425376 -> on 207804316 (ratio 1.115, ceil 1.15 — the accepted trade)
  [G3x] ON counted wire 204310285 / acked 207804316 = 0.98 (band 0.7..1.3)
  [G4] columns_received: off 37221 / on 37246 (|delta| 0.07%, tol 5%)
— rep 2:
  [P] OFF zlib ratio: raw 1286644217 / acked 186445018 = 6.90 (floor 3.0)
  [G1] server CPU-s/1k cols: off 1.9 -> on 1.4 (cut +27.0%)
  [G1t] zip-band CPU/col: off 296us -> on 76us (cut +74.3%, floor 50%)
  [G2] client CPU/col: off 5618us -> on 5699us (ratio 1.015, ceil 1.05)
  [G3] socket bytes: off 186445018 -> on 207721468 (ratio 1.114, ceil 1.15 — the accepted trade)
  [G3x] ON counted wire 204032924 / acked 207721468 = 0.98 (band 0.7..1.3)
  [G4] columns_received: off 37228 / on 37206 (|delta| 0.06%, tol 5%)
— rep 3:
  [P] OFF zlib ratio: raw 1286372779 / acked 186348537 = 6.90 (floor 3.0)
  [G1] server CPU-s/1k cols: off 1.9 -> on 1.4 (cut +29.0%)
  [G1t] zip-band CPU/col: off 297us -> on 83us (cut +72.0%, floor 50%)
  [G2] client CPU/col: off 5542us -> on 5503us (ratio 0.993, ceil 1.05)
  [G3] socket bytes: off 186348537 -> on 207757799 (ratio 1.115, ceil 1.15 — the accepted trade)
  [G3x] ON counted wire 204151634 / acked 207757799 = 0.98 (band 0.7..1.3)
  [G4] columns_received: off 37222 / on 37222 (|delta| 0.00%, tol 5%)
median G1 cold regression (=-cut): -27.2% (limit +5.0%; 3/3 reps within limit, need >= 2)
median G1t zip-band cut: +73.8% (limit +50.0%; 3/3 reps within limit, need >= 2)
median G2 client CPU ratio: 1.015 (limit 1.050; 3/3 reps within limit, need >= 2)
median G3 wire ratio: 1.115 (limit 1.150; 3/3 reps within limit, need >= 2)

PASS — all cold gates green over 3 rep pair(s)
