[store-offline] === phase: store-offline-populate (platform=fabric) ===
=========================================
 LSS Soak: platform=fabric, scenario=store-offline-populate, client runs=1, budget=520s
=========================================
[soak] Validating scenario...
VALIDATE PASS: store-offline-populate
[soak] Building mod...
[soak] Staging world for scenario: store-offline-populate
[soak] Client cache was populated on platform 'paper' — clearing for fabric
[soak] Clearing client column cache
[soak] Starting server...
[soak] Server PID: 1204477
[soak] Waiting for server to be ready...
[soak] Server ready after 7s
[soak] Client run 1/1
[soak] Starting client...
[soak] Client PID: 1204724
[soak] Client run 1 exited cleanly
[soak] Waiting for server to halt...
[soak] Server exited
[soak] Collecting results into /home/vox/projects/voxel-server-support/soak-results/store-offline-populate-20260801T204448Z
[soak] Anomaly digest: /home/vox/projects/voxel-server-support/soak-results/store-offline-populate-20260801T204448Z/report.md
[soak] Running checker...
PASS: store-offline-populate — 28 windows (28 client-laws), 28 quiescent snapshots, 0 violations, 0 warnings
[soak] PASS: store-offline-populate — results in /home/vox/projects/voxel-server-support/soak-results/store-offline-populate-20260801T204448Z
[soak] Cleaning up...
[store-offline] === phase: store-offline-mutate (platform=fabric) ===
=========================================
 LSS Soak: platform=fabric, scenario=store-offline-mutate, client runs=1, budget=400s
=========================================
[soak] Validating scenario...
VALIDATE PASS: store-offline-mutate
[soak] Building mod...
[soak] Staging world for scenario: store-offline-mutate
[soak] Staging world from SOAK_WORLD_FROM=/home/vox/projects/voxel-server-support/soak-results/store-offline-carry.1204316
[soak] Clearing client column cache
[soak] Starting server...
[soak] Server PID: 1208493
[soak] Waiting for server to be ready...
[soak] Server ready after 7s
[soak] Client run 1/1
[soak] Starting client...
[soak] Client PID: 1208712
[soak] Client run 1 exited cleanly
[soak] Waiting for server to halt...
[soak] Server exited
[soak] Collecting results into /home/vox/projects/voxel-server-support/soak-results/store-offline-mutate-20260801T204749Z
[soak] Anomaly digest: /home/vox/projects/voxel-server-support/soak-results/store-offline-mutate-20260801T204749Z/report.md
[soak] Running checker...
PASS: store-offline-mutate — 9 windows (9 client-laws), 9 quiescent snapshots, 0 violations, 0 warnings
[soak] PASS: store-offline-mutate — results in /home/vox/projects/voxel-server-support/soak-results/store-offline-mutate-20260801T204749Z
[soak] Cleaning up...
[store-offline] === phase: store-offline-verify (platform=fabric) ===
=========================================
 LSS Soak: platform=fabric, scenario=store-offline-verify, client runs=1, budget=520s
=========================================
[soak] Validating scenario...
VALIDATE PASS: store-offline-verify
[soak] Building mod...
[soak] Staging world for scenario: store-offline-verify
[soak] Staging world from SOAK_WORLD_FROM=/home/vox/projects/voxel-server-support/soak-results/store-offline-carry.1204316
[soak] Clearing client column cache
[soak] Starting server...
[soak] Server PID: 1210293
[soak] Waiting for server to be ready...
[soak] Server ready after 7s
[soak] Client run 1/1
[soak] Starting client...
[soak] Client PID: 1210528
[soak] Client run 1 exited cleanly
[soak] Waiting for server to halt...
[soak] Server exited
[soak] Collecting results into /home/vox/projects/voxel-server-support/soak-results/store-offline-verify-20260801T204854Z
[soak] Anomaly digest: /home/vox/projects/voxel-server-support/soak-results/store-offline-verify-20260801T204854Z/report.md
[soak] Running checker...
PASS: store-offline-verify — 26 windows (26 client-laws), 26 quiescent snapshots, 0 violations, 0 warnings
[soak] PASS: store-offline-verify — results in /home/vox/projects/voxel-server-support/soak-results/store-offline-verify-20260801T204854Z
[soak] Cleaning up...
[store-offline] cross-phase probe-hash verdict
[store-offline]   populate: /home/vox/projects/voxel-server-support/soak-results/store-offline-populate-20260801T204448Z
[store-offline]   verify:   /home/vox/projects/voxel-server-support/soak-results/store-offline-verify-20260801T204854Z
[store-offline]   populate hashes: {'20:0': -1652787563984913974, '-20:0': -1652787563984913974}
[store-offline]   verify hashes:   {'20:0': 6559099196786456452, '-20:0': -1652787563984913974}
[store-offline] cross-phase verdict: PASS (edited probe re-served fresh, control probe byte-identical)
[store-offline] offline-edit gate PASS (fabric)
