=== SOAK fresh-backfill start 2026-08-01T14:11:45-04:00 ===
=========================================
 LSS Soak: platform=fabric, scenario=fresh-backfill, client runs=1, budget=540s
=========================================
[soak] Validating scenario...
VALIDATE PASS: fresh-backfill
[soak] Building mod...
[soak] Staging world for scenario: fresh-backfill
[soak] Clearing client column cache
[soak] Starting server...
[soak] Server PID: 1127674
[soak] Waiting for server to be ready...
[soak] Server ready after 7s
[soak] Client run 1/1
[soak] Starting client...
[soak] Client PID: 1127923
[soak] Client run 1 exited cleanly
[soak] Waiting for server to halt...
[soak] Server exited
[soak] Collecting results into /home/vox/projects/voxel-server-support/soak-results/fresh-backfill-20260801T181145Z
[soak] Saving world to /home/vox/projects/voxel-server-support/soak-worlds/base/ for reuse
[soak] Saving client column cache snapshot to /home/vox/projects/voxel-server-support/soak-worlds/base/client-cache
[soak] Anomaly digest: /home/vox/projects/voxel-server-support/soak-results/fresh-backfill-20260801T181145Z/report.md
[soak] Running checker...
PASS: fresh-backfill — 34 windows (34 client-laws), 34 quiescent snapshots, 0 violations, 0 warnings
[soak] PASS: fresh-backfill — results in /home/vox/projects/voxel-server-support/soak-results/fresh-backfill-20260801T181145Z
[soak] Cleaning up...
=== SOAK fresh-backfill PASS 2026-08-01T14:16:31-04:00 ===
=== SOAK warm-rejoin start 2026-08-01T14:16:31-04:00 ===
=========================================
 LSS Soak: platform=fabric, scenario=warm-rejoin, client runs=2, budget=600s
=========================================
[soak] Validating scenario...
VALIDATE PASS: warm-rejoin
[soak] Building mod...
[soak] Staging world for scenario: warm-rejoin
[soak] Clearing client column cache
[soak] Starting server...
[soak] Server PID: 1133753
[soak] Waiting for server to be ready...
[soak] Server ready after 7s
[soak] Client run 1/2
[soak] Starting client...
[soak] Client PID: 1133971
[soak] Client run 1 exited cleanly
[soak] Client run 2/2
[soak] Starting client...
[soak] Client PID: 1137567
[soak] Client run 2 exited cleanly
[soak] Waiting for server to halt...
[soak] Server exited
[soak] Collecting results into /home/vox/projects/voxel-server-support/soak-results/warm-rejoin-20260801T181632Z
[soak] Anomaly digest: /home/vox/projects/voxel-server-support/soak-results/warm-rejoin-20260801T181632Z/report.md
[soak] Running checker...
PASS: warm-rejoin — 54 windows (53 client-laws), 53 quiescent snapshots, 0 violations, 0 warnings
[soak] PASS: warm-rejoin — results in /home/vox/projects/voxel-server-support/soak-results/warm-rejoin-20260801T181632Z
[soak] Cleaning up...
=== SOAK warm-rejoin PASS 2026-08-01T14:22:22-04:00 ===
=== SOAK store-second-join start 2026-08-01T14:22:22-04:00 ===
=========================================
 LSS Soak: platform=fabric, scenario=store-second-join, client runs=1, budget=520s
=========================================
[soak] Validating scenario...
VALIDATE PASS: store-second-join
[soak] Building mod...
[soak] Staging world for scenario: store-second-join
[soak] Clearing client column cache
[soak] Starting server...
[soak] Server PID: 1141172
[soak] Waiting for server to be ready...
[soak] Server ready after 7s
[soak] Client run 1/1
[soak] Starting client...
[soak] Client PID: 1141398
[soak] Client run 1 exited cleanly
[soak] Waiting for server to halt...
[soak] Server exited
[soak] Collecting results into /home/vox/projects/voxel-server-support/soak-results/store-second-join-20260801T182223Z
[soak] Anomaly digest: /home/vox/projects/voxel-server-support/soak-results/store-second-join-20260801T182223Z/report.md
[soak] Running checker...
PASS: store-second-join — 27 windows (26 client-laws), 27 quiescent snapshots, 0 violations, 0 warnings
[soak] PASS: store-second-join — results in /home/vox/projects/voxel-server-support/soak-results/store-second-join-20260801T182223Z
[soak] Cleaning up...
=== SOAK store-second-join PASS 2026-08-01T14:25:15-04:00 ===
=== SOAK store-second-join-full start 2026-08-01T14:25:15-04:00 ===
=========================================
 LSS Soak: platform=fabric, scenario=store-second-join-full, client runs=1, budget=520s
=========================================
[soak] Validating scenario...
VALIDATE PASS: store-second-join-full
[soak] Building mod...
[soak] Staging world for scenario: store-second-join-full
[soak] Clearing client column cache
[soak] Starting server...
[soak] Server PID: 1144975
[soak] Waiting for server to be ready...
[soak] Server ready after 7s
[soak] Client run 1/1
[soak] Starting client...
[soak] Client PID: 1145203
[soak] Client run 1 exited cleanly
[soak] Waiting for server to halt...
[soak] Server exited
[soak] Collecting results into /home/vox/projects/voxel-server-support/soak-results/store-second-join-full-20260801T182516Z
[soak] Anomaly digest: /home/vox/projects/voxel-server-support/soak-results/store-second-join-full-20260801T182516Z/report.md
[soak] Running checker...
PASS: store-second-join-full — 27 windows (26 client-laws), 27 quiescent snapshots, 0 violations, 0 warnings
[soak] PASS: store-second-join-full — results in /home/vox/projects/voxel-server-support/soak-results/store-second-join-full-20260801T182516Z
[soak] Cleaning up...
=== SOAK store-second-join-full PASS 2026-08-01T14:28:09-04:00 ===
=== SOAK dirty-broadcast start 2026-08-01T14:28:09-04:00 ===
=========================================
 LSS Soak: platform=fabric, scenario=dirty-broadcast, client runs=1, budget=510s
=========================================
[soak] Validating scenario...
VALIDATE PASS: dirty-broadcast
[soak] Building mod...
[soak] Staging world for scenario: dirty-broadcast
[soak] Keeping client column cache
[soak] Starting server...
[soak] Server PID: 1148767
[soak] Waiting for server to be ready...
[soak] Server ready after 7s
[soak] Client run 1/1
[soak] Starting client...
[soak] Client PID: 1148988
[soak] Client run 1 exited cleanly
[soak] Waiting for server to halt...
[soak] Server exited
[soak] Collecting results into /home/vox/projects/voxel-server-support/soak-results/dirty-broadcast-20260801T182810Z
[soak] Anomaly digest: /home/vox/projects/voxel-server-support/soak-results/dirty-broadcast-20260801T182810Z/report.md
[soak] Running checker...
PASS: dirty-broadcast — 25 windows (25 client-laws), 25 quiescent snapshots, 0 violations, 0 warnings
[soak] PASS: dirty-broadcast — results in /home/vox/projects/voxel-server-support/soak-results/dirty-broadcast-20260801T182810Z
[soak] Cleaning up...
=== SOAK dirty-broadcast PASS 2026-08-01T14:30:57-04:00 ===
=== SOAK CHAIN COMPLETE (all pass) 2026-08-01T14:30:57-04:00 ===
