[compress-gate] === warm-join off rep1 (useCompressedColumns=false, lodStore=full, 150s) ===
[compress-gate] === warm-join on rep1 (useCompressedColumns=true, lodStore=full, 150s) ===
[compress-gate] === warm-join off rep2 (useCompressedColumns=false, lodStore=full, 150s) ===
[compress-gate] === warm-join on rep2 (useCompressedColumns=true, lodStore=full, 150s) ===
[compress-gate] === warm-join off rep3 (useCompressedColumns=false, lodStore=full, 150s) ===
[compress-gate] === warm-join on rep3 (useCompressedColumns=true, lodStore=full, 150s) ===
[compress-gate] Runs complete: /home/vox/projects/voxel-server-support/compress-gate-results/20260801-130447 — computing gates
— rep 1:
  [P] OFF zlib ratio: raw 1286198253 / acked 186276530 = 6.90 (floor 3.0)
  [G1] server CPU-s/1k cols: off 1.5 -> on 0.9 (cut +43.3%)
  [G1t] zip-band CPU/col: off 222us -> on 23us (cut +89.7%, floor 50%)
  [G2] client CPU/col: off 5848us -> on 5698us (ratio 0.974, ceil 1.05)
  [G3] socket bytes: off 186276530 -> on 207476706 (ratio 1.114, ceil 1.15 — the accepted trade)
  [G3x] ON counted wire 203955790 / acked 207476706 = 0.98 (band 0.7..1.3)
  [G4] columns_received: off 37250 / on 37229 (|delta| 0.06%, tol 5%)
— rep 2:
  [P] OFF zlib ratio: raw 1283130257 / acked 185791217 = 6.91 (floor 3.0)
  [G1] server CPU-s/1k cols: off 1.5 -> on 0.8 (cut +45.4%)
  [G1t] zip-band CPU/col: off 219us -> on 22us (cut +90.2%, floor 50%)
  [G2] client CPU/col: off 5650us -> on 5431us (ratio 0.961, ceil 1.05)
  [G3] socket bytes: off 185791217 -> on 206890354 (ratio 1.114, ceil 1.15 — the accepted trade)
  [G3x] ON counted wire 203516713 / acked 206890354 = 0.98 (band 0.7..1.3)
  [G4] columns_received: off 37184 / on 37189 (|delta| 0.01%, tol 5%)
— rep 3:
  [P] OFF zlib ratio: raw 1282420101 / acked 185557461 = 6.91 (floor 3.0)
  [G1] server CPU-s/1k cols: off 1.5 -> on 0.8 (cut +42.3%)
  [G1t] zip-band CPU/col: off 214us -> on 27us (cut +87.2%, floor 50%)
  [G2] client CPU/col: off 5773us -> on 5817us (ratio 1.008, ceil 1.05)
  [G3] socket bytes: off 185557461 -> on 206954749 (ratio 1.115, ceil 1.15 — the accepted trade)
  [G3x] ON counted wire 203425422 / acked 206954749 = 0.98 (band 0.7..1.3)
  [G4] columns_received: off 37167 / on 37176 (|delta| 0.02%, tol 5%)
median G1 server CPU/col cut: +43.3% (limit +10.0%; 3/3 reps within limit, need >= 2)
median G1t zip-band cut: +89.7% (limit +50.0%; 3/3 reps within limit, need >= 2)
median G2 client CPU ratio: 0.974 (limit 1.050; 3/3 reps within limit, need >= 2)
median G3 wire ratio: 1.114 (limit 1.150; 3/3 reps within limit, need >= 2)

PASS — all warm gates green over 3 rep pair(s)
