=========================================
 LSS Benchmark: scenario=no-cache, duration=150s
=========================================
[benchmark] Building mod...
[benchmark] Preparing world for scenario: no-cache
[benchmark] Starting server...
[benchmark] Server PID: 1120163
[benchmark] Waiting for server to be ready...
[benchmark] Server ready after 7s
[benchmark] Starting client...
[benchmark] Client PID: 1120382
[benchmark] Waiting up to 270s for cycle to complete...
[benchmark] Server exited normally
[benchmark] Client exited
[benchmark] Collecting results (suffix '')...
[benchmark] Server metrics: /home/vox/projects/voxel-server-support/benchmark-results/server.json
[benchmark] Client metrics: /home/vox/projects/voxel-server-support/benchmark-results/client.json

=========================================
 Benchmark Complete
=========================================
{
  "timestamp": "2026-08-01T18:01:11.660322050Z",
  "duration_seconds": 150,
  "throughput": {
    "total_sections_sent": 37222,
    "total_bytes_sent": 1286372779,
    "sections_per_second": 249.81208053691276,
    "bytes_per_second": 8633374.355704699
  },
  "sources": {
    "in_memory": 358,
    "up_to_date": 0,
    "generation": 0,
    "disk_read": 36864
  },
  "disk_reader": {
    "submitted": 36864,
    "completed": 36864,
    "not_found": 0,
    "all_air": 0,
    "errors": 0,
    "avg_read_time_ms": 1.8341335250379773,
    "saturation_events": 0,
    "memo_hits": 0
  },
  "generation": {},
  "backpressure": {
    "queue_full": 0,
    "superseded": 1003,
    "range_filtered": 0
  },
  "bandwidth": {
    "total_bytes_sent": 1286372779,
    "total_wire_bytes_sent": 1286372779
  },
  "store": {
    "hits": 0,
    "misses": 0,
    "deposits": 0,
    "deposit_drops": 0,
    "deposit_skips": 0,
    "errors": 0,
    "mem_hits": 0,
    "mem_evictions": 0,
    "sweep_drops": 0,
    "backfill_reads": 0,
    "backfill_deposits": 0,
    "backfill_skips": 0,
    "queue": 0,
    "mem_bytes": 0,
    "db_bytes": 0,
    "wal_bytes": 0,
    "checkpoint_ms_max": 0,
    "read_avg_us": 0,
    "read_p95_us": 0
  },
  "jvm": {
    "heap_used_mb": 349.49007415771484,
    "heap_max_mb": 3888.0,
    "gc_count": 160,
    "gc_time_ms": 447
  }
}[benchmark] Cleaning up...
