=========================================
 LSS Benchmark: scenario=no-cache, duration=150s
=========================================
[benchmark] Building mod...
[benchmark] Preparing world for scenario: no-cache
[benchmark] Starting server...
[benchmark] Server PID: 1116578
[benchmark] Waiting for server to be ready...
[benchmark] Server ready after 7s
[benchmark] Starting client...
[benchmark] Client PID: 1116812
[benchmark] Waiting up to 270s for cycle to complete...
[benchmark] Server exited normally
[benchmark] Client exited
[benchmark] Collecting results (suffix '')...
[benchmark] Server metrics: /home/vox/projects/voxel-server-support/benchmark-results/server.json
[benchmark] Client metrics: /home/vox/projects/voxel-server-support/benchmark-results/client.json

=========================================
 Benchmark Complete
=========================================
{
  "timestamp": "2026-08-01T17:58:15.693868393Z",
  "duration_seconds": 150,
  "throughput": {
    "total_sections_sent": 37206,
    "total_bytes_sent": 1285773148,
    "sections_per_second": 249.70469798657717,
    "bytes_per_second": 8629349.986577181
  },
  "sources": {
    "in_memory": 347,
    "up_to_date": 0,
    "generation": 0,
    "disk_read": 36859
  },
  "disk_reader": {
    "submitted": 36859,
    "completed": 36859,
    "not_found": 0,
    "all_air": 0,
    "errors": 0,
    "avg_read_time_ms": 1.8470986759543122,
    "saturation_events": 0,
    "memo_hits": 0
  },
  "generation": {},
  "backpressure": {
    "queue_full": 0,
    "superseded": 1339,
    "range_filtered": 0
  },
  "bandwidth": {
    "total_bytes_sent": 1285773148,
    "total_wire_bytes_sent": 204032924
  },
  "store": {
    "hits": 0,
    "misses": 0,
    "deposits": 0,
    "deposit_drops": 0,
    "deposit_skips": 0,
    "errors": 0,
    "mem_hits": 0,
    "mem_evictions": 0,
    "sweep_drops": 0,
    "backfill_reads": 0,
    "backfill_deposits": 0,
    "backfill_skips": 0,
    "queue": 0,
    "mem_bytes": 0,
    "db_bytes": 0,
    "wal_bytes": 0,
    "checkpoint_ms_max": 0,
    "read_avg_us": 0,
    "read_p95_us": 0
  },
  "jvm": {
    "heap_used_mb": 440.3632049560547,
    "heap_max_mb": 3888.0,
    "gc_count": 143,
    "gc_time_ms": 372
  }
}[benchmark] Cleaning up...
