=========================================
 LSS Benchmark: scenario=warm-join, duration=150s
=========================================
[benchmark] Building mod...
[benchmark] Preparing world for scenario: warm-join
[benchmark] warm-join cycle A (populate)...
[benchmark] Starting server...
[benchmark] Server PID: 1091527
[benchmark] Waiting for server to be ready...
[benchmark] Server ready after 7s
[benchmark] Starting client...
[benchmark] Client PID: 1091752
[benchmark] Waiting up to 270s for cycle to complete...
[benchmark] Server exited normally
[benchmark] Client exited
[benchmark] Collecting results (suffix '-populate')...
[benchmark] Server metrics: /home/vox/projects/voxel-server-support/benchmark-results/server-populate.json
[benchmark] Client metrics: /home/vox/projects/voxel-server-support/benchmark-results/client-populate.json
[benchmark] warm-join cycle B (measure)...
[benchmark] Starting server...
[benchmark] Server PID: 1094951
[benchmark] Waiting for server to be ready...
[benchmark] Server ready after 7s
[benchmark] Starting client...
[benchmark] Client PID: 1095248
[benchmark] Waiting up to 270s for cycle to complete...
[benchmark] Server exited normally
[benchmark] Client exited
[benchmark] Collecting results (suffix '')...
[benchmark] Server metrics: /home/vox/projects/voxel-server-support/benchmark-results/server.json
[benchmark] Client metrics: /home/vox/projects/voxel-server-support/benchmark-results/client.json

=========================================
 Benchmark Complete
=========================================
{
  "timestamp": "2026-08-01T17:33:00.883674966Z",
  "duration_seconds": 150,
  "throughput": {
    "total_sections_sent": 37167,
    "total_bytes_sent": 1282420101,
    "sections_per_second": 249.44295302013424,
    "bytes_per_second": 8606846.315436242
  },
  "sources": {
    "in_memory": 373,
    "up_to_date": 0,
    "generation": 0,
    "disk_read": 604
  },
  "disk_reader": {
    "submitted": 604,
    "completed": 604,
    "not_found": 0,
    "all_air": 0,
    "errors": 0,
    "avg_read_time_ms": 19.322343225165564,
    "saturation_events": 0,
    "memo_hits": 0
  },
  "generation": {},
  "backpressure": {
    "queue_full": 0,
    "superseded": 1190,
    "range_filtered": 0
  },
  "bandwidth": {
    "total_bytes_sent": 1282420101,
    "total_wire_bytes_sent": 1282420101
  },
  "store": {
    "hits": 36190,
    "misses": 604,
    "deposits": 579,
    "deposit_drops": 0,
    "deposit_skips": 0,
    "errors": 0,
    "mem_hits": 0,
    "mem_evictions": 0,
    "sweep_drops": 0,
    "backfill_reads": 0,
    "backfill_deposits": 0,
    "backfill_skips": 0,
    "queue": 0,
    "mem_bytes": 0,
    "db_bytes": 340115456,
    "wal_bytes": 18787192,
    "checkpoint_ms_max": 0,
    "read_avg_us": 74,
    "read_p95_us": 129
  },
  "jvm": {
    "heap_used_mb": 463.2956771850586,
    "heap_max_mb": 3888.0,
    "gc_count": 81,
    "gc_time_ms": 294
  }
}[benchmark] Cleaning up...
