=========================================
 LSS Benchmark: scenario=warm-join, duration=150s
=========================================
[benchmark] Building mod...
[benchmark] Preparing world for scenario: warm-join
[benchmark] warm-join cycle A (populate)...
[benchmark] Starting server...
[benchmark] Server PID: 1063721
[benchmark] Waiting for server to be ready...
[benchmark] Server ready after 7s
[benchmark] Starting client...
[benchmark] Client PID: 1063956
[benchmark] Waiting up to 270s for cycle to complete...
[benchmark] Server exited normally
[benchmark] Client exited
[benchmark] Collecting results (suffix '-populate')...
[benchmark] Server metrics: /home/vox/projects/voxel-server-support/benchmark-results/server-populate.json
[benchmark] Client metrics: /home/vox/projects/voxel-server-support/benchmark-results/client-populate.json
[benchmark] warm-join cycle B (measure)...
[benchmark] Starting server...
[benchmark] Server PID: 1067221
[benchmark] Waiting for server to be ready...
[benchmark] Server ready after 7s
[benchmark] Starting client...
[benchmark] Client PID: 1067477
[benchmark] Waiting up to 270s for cycle to complete...
[benchmark] Server exited normally
[benchmark] Client exited
[benchmark] Collecting results (suffix '')...
[benchmark] Server metrics: /home/vox/projects/voxel-server-support/benchmark-results/server.json
[benchmark] Client metrics: /home/vox/projects/voxel-server-support/benchmark-results/client.json

=========================================
 Benchmark Complete
=========================================
{
  "timestamp": "2026-08-01T17:10:17.170910872Z",
  "duration_seconds": 150,
  "throughput": {
    "total_sections_sent": 37250,
    "total_bytes_sent": 1286198253,
    "sections_per_second": 250.0,
    "bytes_per_second": 8632203.040268457
  },
  "sources": {
    "in_memory": 386,
    "up_to_date": 0,
    "generation": 0,
    "disk_read": 674
  },
  "disk_reader": {
    "submitted": 674,
    "completed": 674,
    "not_found": 0,
    "all_air": 0,
    "errors": 0,
    "avg_read_time_ms": 19.781916040059347,
    "saturation_events": 0,
    "memo_hits": 0
  },
  "generation": {},
  "backpressure": {
    "queue_full": 0,
    "superseded": 1160,
    "range_filtered": 0
  },
  "bandwidth": {
    "total_bytes_sent": 1286198253,
    "total_wire_bytes_sent": 1286198253
  },
  "store": {
    "hits": 36190,
    "misses": 674,
    "deposits": 674,
    "deposit_drops": 0,
    "deposit_skips": 0,
    "errors": 0,
    "mem_hits": 0,
    "mem_evictions": 0,
    "sweep_drops": 0,
    "backfill_reads": 0,
    "backfill_deposits": 0,
    "backfill_skips": 0,
    "queue": 0,
    "mem_bytes": 0,
    "db_bytes": 339394560,
    "wal_bytes": 17622224,
    "checkpoint_ms_max": 0,
    "read_avg_us": 75,
    "read_p95_us": 102
  },
  "jvm": {
    "heap_used_mb": 558.6289901733398,
    "heap_max_mb": 3888.0,
    "gc_count": 83,
    "gc_time_ms": 310
  }
}[benchmark] Cleaning up...
