=========================================
 LSS Benchmark: scenario=warm-join, duration=150s
=========================================
[benchmark] Building mod...
[benchmark] Preparing world for scenario: warm-join
[benchmark] warm-join cycle A (populate)...
[benchmark] Starting server...
[benchmark] Server PID: 1077676
[benchmark] Waiting for server to be ready...
[benchmark] Server ready after 7s
[benchmark] Starting client...
[benchmark] Client PID: 1077913
[benchmark] Waiting up to 270s for cycle to complete...
[benchmark] Server exited normally
[benchmark] Client exited
[benchmark] Collecting results (suffix '-populate')...
[benchmark] Server metrics: /home/vox/projects/voxel-server-support/benchmark-results/server-populate.json
[benchmark] Client metrics: /home/vox/projects/voxel-server-support/benchmark-results/client-populate.json
[benchmark] warm-join cycle B (measure)...
[benchmark] Starting server...
[benchmark] Server PID: 1081056
[benchmark] Waiting for server to be ready...
[benchmark] Server ready after 7s
[benchmark] Starting client...
[benchmark] Client PID: 1081313
[benchmark] Waiting up to 270s for cycle to complete...
[benchmark] Server exited normally
[benchmark] Client exited
[benchmark] Collecting results (suffix '')...
[benchmark] Server metrics: /home/vox/projects/voxel-server-support/benchmark-results/server.json
[benchmark] Client metrics: /home/vox/projects/voxel-server-support/benchmark-results/client.json

=========================================
 Benchmark Complete
=========================================
{
  "timestamp": "2026-08-01T17:21:38.916867081Z",
  "duration_seconds": 150,
  "throughput": {
    "total_sections_sent": 37184,
    "total_bytes_sent": 1283130257,
    "sections_per_second": 249.55704697986576,
    "bytes_per_second": 8611612.463087248
  },
  "sources": {
    "in_memory": 324,
    "up_to_date": 0,
    "generation": 0,
    "disk_read": 453
  },
  "disk_reader": {
    "submitted": 453,
    "completed": 453,
    "not_found": 0,
    "all_air": 0,
    "errors": 0,
    "avg_read_time_ms": 25.881979002207505,
    "saturation_events": 0,
    "memo_hits": 0
  },
  "generation": {},
  "backpressure": {
    "queue_full": 0,
    "superseded": 1058,
    "range_filtered": 0
  },
  "bandwidth": {
    "total_bytes_sent": 1283130257,
    "total_wire_bytes_sent": 1283130257
  },
  "store": {
    "hits": 36407,
    "misses": 453,
    "deposits": 453,
    "deposit_drops": 0,
    "deposit_skips": 0,
    "errors": 0,
    "mem_hits": 0,
    "mem_evictions": 0,
    "sweep_drops": 0,
    "backfill_reads": 0,
    "backfill_deposits": 0,
    "backfill_skips": 0,
    "queue": 0,
    "mem_bytes": 0,
    "db_bytes": 339853312,
    "wal_bytes": 16457256,
    "checkpoint_ms_max": 0,
    "read_avg_us": 76,
    "read_p95_us": 108
  },
  "jvm": {
    "heap_used_mb": 299.4096374511719,
    "heap_max_mb": 3888.0,
    "gc_count": 85,
    "gc_time_ms": 292
  }
}[benchmark] Cleaning up...
