=========================================
 LSS Benchmark: scenario=warm-join, duration=150s
=========================================
[benchmark] Building mod...
[benchmark] Preparing world for scenario: warm-join
[benchmark] warm-join cycle A (populate)...
[benchmark] Starting server...
[benchmark] Server PID: 1084599
[benchmark] Waiting for server to be ready...
[benchmark] Server ready after 7s
[benchmark] Starting client...
[benchmark] Client PID: 1084830
[benchmark] Waiting up to 270s for cycle to complete...
[benchmark] Server exited normally
[benchmark] Client exited
[benchmark] Collecting results (suffix '-populate')...
[benchmark] Server metrics: /home/vox/projects/voxel-server-support/benchmark-results/server-populate.json
[benchmark] Client metrics: /home/vox/projects/voxel-server-support/benchmark-results/client-populate.json
[benchmark] warm-join cycle B (measure)...
[benchmark] Starting server...
[benchmark] Server PID: 1087992
[benchmark] Waiting for server to be ready...
[benchmark] Server ready after 7s
[benchmark] Starting client...
[benchmark] Client PID: 1088247
[benchmark] Waiting up to 270s for cycle to complete...
[benchmark] Server exited normally
[benchmark] Client exited
[benchmark] Collecting results (suffix '')...
[benchmark] Server metrics: /home/vox/projects/voxel-server-support/benchmark-results/server.json
[benchmark] Client metrics: /home/vox/projects/voxel-server-support/benchmark-results/client.json

=========================================
 Benchmark Complete
=========================================
{
  "timestamp": "2026-08-01T17:27:19.999394393Z",
  "duration_seconds": 150,
  "throughput": {
    "total_sections_sent": 37189,
    "total_bytes_sent": 1283234690,
    "sections_per_second": 249.59060402684563,
    "bytes_per_second": 8612313.355704699
  },
  "sources": {
    "in_memory": 325,
    "up_to_date": 0,
    "generation": 0,
    "disk_read": 433
  },
  "disk_reader": {
    "submitted": 433,
    "completed": 433,
    "not_found": 0,
    "all_air": 0,
    "errors": 0,
    "avg_read_time_ms": 3.6215244942263283,
    "saturation_events": 0,
    "memo_hits": 0
  },
  "generation": {},
  "backpressure": {
    "queue_full": 0,
    "superseded": 0,
    "range_filtered": 0
  },
  "bandwidth": {
    "total_bytes_sent": 1283234690,
    "total_wire_bytes_sent": 203516713
  },
  "store": {
    "hits": 36431,
    "misses": 433,
    "deposits": 433,
    "deposit_drops": 0,
    "deposit_skips": 0,
    "errors": 0,
    "mem_hits": 0,
    "mem_evictions": 0,
    "sweep_drops": 0,
    "backfill_reads": 0,
    "backfill_deposits": 0,
    "backfill_skips": 0,
    "queue": 0,
    "mem_bytes": 0,
    "db_bytes": 340000768,
    "wal_bytes": 16424440,
    "checkpoint_ms_max": 0,
    "read_avg_us": 22,
    "read_p95_us": 26
  },
  "jvm": {
    "heap_used_mb": 437.3026428222656,
    "heap_max_mb": 3888.0,
    "gc_count": 66,
    "gc_time_ms": 234
  }
}[benchmark] Cleaning up...
