=========================================
 LSS Benchmark: scenario=warm-join, duration=150s
=========================================
[benchmark] Building mod...
[benchmark] Preparing world for scenario: warm-join
[benchmark] warm-join cycle A (populate)...
[benchmark] Starting server...
[benchmark] Server PID: 1070778
[benchmark] Waiting for server to be ready...
[benchmark] Server ready after 7s
[benchmark] Starting client...
[benchmark] Client PID: 1070999
[benchmark] Waiting up to 270s for cycle to complete...
[benchmark] Server exited normally
[benchmark] Client exited
[benchmark] Collecting results (suffix '-populate')...
[benchmark] Server metrics: /home/vox/projects/voxel-server-support/benchmark-results/server-populate.json
[benchmark] Client metrics: /home/vox/projects/voxel-server-support/benchmark-results/client-populate.json
[benchmark] warm-join cycle B (measure)...
[benchmark] Starting server...
[benchmark] Server PID: 1074137
[benchmark] Waiting for server to be ready...
[benchmark] Server ready after 7s
[benchmark] Starting client...
[benchmark] Client PID: 1074404
[benchmark] Waiting up to 270s for cycle to complete...
[benchmark] Server exited normally
[benchmark] Client exited
[benchmark] Collecting results (suffix '')...
[benchmark] Server metrics: /home/vox/projects/voxel-server-support/benchmark-results/server.json
[benchmark] Client metrics: /home/vox/projects/voxel-server-support/benchmark-results/client.json

=========================================
 Benchmark Complete
=========================================
{
  "timestamp": "2026-08-01T17:15:58.016973695Z",
  "duration_seconds": 150,
  "throughput": {
    "total_sections_sent": 37229,
    "total_bytes_sent": 1285362762,
    "sections_per_second": 249.85906040268458,
    "bytes_per_second": 8626595.718120806
  },
  "sources": {
    "in_memory": 365,
    "up_to_date": 0,
    "generation": 0,
    "disk_read": 433
  },
  "disk_reader": {
    "submitted": 433,
    "completed": 433,
    "not_found": 0,
    "all_air": 0,
    "errors": 0,
    "avg_read_time_ms": 4.664675311778291,
    "saturation_events": 0,
    "memo_hits": 0
  },
  "generation": {},
  "backpressure": {
    "queue_full": 0,
    "superseded": 0,
    "range_filtered": 0
  },
  "bandwidth": {
    "total_bytes_sent": 1285362762,
    "total_wire_bytes_sent": 203955790
  },
  "store": {
    "hits": 36431,
    "misses": 433,
    "deposits": 433,
    "deposit_drops": 0,
    "deposit_skips": 0,
    "errors": 0,
    "mem_hits": 0,
    "mem_evictions": 0,
    "sweep_drops": 0,
    "backfill_reads": 0,
    "backfill_deposits": 0,
    "backfill_skips": 0,
    "queue": 0,
    "mem_bytes": 0,
    "db_bytes": 339623936,
    "wal_bytes": 16490072,
    "checkpoint_ms_max": 0,
    "read_avg_us": 23,
    "read_p95_us": 32
  },
  "jvm": {
    "heap_used_mb": 481.12599182128906,
    "heap_max_mb": 3888.0,
    "gc_count": 67,
    "gc_time_ms": 251
  }
}[benchmark] Cleaning up...
