=========================================
 LSS Benchmark: scenario=warm-join, duration=150s
=========================================
[benchmark] Building mod...
[benchmark] Preparing world for scenario: warm-join
[benchmark] warm-join cycle A (populate)...
[benchmark] Starting server...
[benchmark] Server PID: 1098531
[benchmark] Waiting for server to be ready...
[benchmark] Server ready after 7s
[benchmark] Starting client...
[benchmark] Client PID: 1098752
[benchmark] Waiting up to 270s for cycle to complete...
[benchmark] Server exited normally
[benchmark] Client exited
[benchmark] Collecting results (suffix '-populate')...
[benchmark] Server metrics: /home/vox/projects/voxel-server-support/benchmark-results/server-populate.json
[benchmark] Client metrics: /home/vox/projects/voxel-server-support/benchmark-results/client-populate.json
[benchmark] warm-join cycle B (measure)...
[benchmark] Starting server...
[benchmark] Server PID: 1101892
[benchmark] Waiting for server to be ready...
[benchmark] Server ready after 7s
[benchmark] Starting client...
[benchmark] Client PID: 1102144
[benchmark] Waiting up to 270s for cycle to complete...
[benchmark] Server exited normally
[benchmark] Client exited
[benchmark] Collecting results (suffix '')...
[benchmark] Server metrics: /home/vox/projects/voxel-server-support/benchmark-results/server.json
[benchmark] Client metrics: /home/vox/projects/voxel-server-support/benchmark-results/client.json

=========================================
 Benchmark Complete
=========================================
{
  "timestamp": "2026-08-01T17:38:43.145550657Z",
  "duration_seconds": 150,
  "throughput": {
    "total_sections_sent": 37176,
    "total_bytes_sent": 1282787087,
    "sections_per_second": 249.50335570469798,
    "bytes_per_second": 8609309.308724832
  },
  "sources": {
    "in_memory": 312,
    "up_to_date": 0,
    "generation": 0,
    "disk_read": 457
  },
  "disk_reader": {
    "submitted": 457,
    "completed": 457,
    "not_found": 0,
    "all_air": 0,
    "errors": 0,
    "avg_read_time_ms": 26.43558978118162,
    "saturation_events": 0,
    "memo_hits": 0
  },
  "generation": {},
  "backpressure": {
    "queue_full": 0,
    "superseded": 1050,
    "range_filtered": 0
  },
  "bandwidth": {
    "total_bytes_sent": 1282787087,
    "total_wire_bytes_sent": 203425422
  },
  "store": {
    "hits": 36407,
    "misses": 457,
    "deposits": 450,
    "deposit_drops": 0,
    "deposit_skips": 0,
    "errors": 0,
    "mem_hits": 0,
    "mem_evictions": 0,
    "sweep_drops": 0,
    "backfill_reads": 0,
    "backfill_deposits": 0,
    "backfill_skips": 0,
    "queue": 0,
    "mem_bytes": 0,
    "db_bytes": 339607552,
    "wal_bytes": 16424440,
    "checkpoint_ms_max": 0,
    "read_avg_us": 21,
    "read_p95_us": 47
  },
  "jvm": {
    "heap_used_mb": 317.2021789550781,
    "heap_max_mb": 3888.0,
    "gc_count": 72,
    "gc_time_ms": 259
  }
}[benchmark] Cleaning up...
